// Jest Snapshot v1, https://goo.gl/fbAQLP

exports[`should render ExpenseListItem with the expenses 1`] = `
<div>
  <Link
    replace={false}
    to="/edit/1"
  >
    <h3>
      GAU
    </h3>
  </Link>
  <p>
    124
  </p>
  <p />
</div>
`;
