// Jest Snapshot v1, https://goo.gl/fbAQLP

exports[`should correctly render the NotFoundPage components 1`] = `
<div>
  404! 
  <Link
    replace={false}
    to="/"
  >
    Go Home
  </Link>
</div>
`;
